Copyright 1986-2022 Xilinx, Inc. All Rights Reserved. Copyright 2022-2023 Advanced Micro Devices, Inc. All Rights Reserved.
------------------------------------------------------------------------------------------------------------------------------------------------------------------------------------------------------------------------------------
| Tool Version : Vivado v.2023.2 (win64) Build 4029153 Fri Oct 13 20:14:34 MDT 2023
| Date         : Sat Sep 27 17:06:06 2025
| Host         : DESKTOP-ROOSFVQ running 64-bit major release  (build 9200)
| Command      : report_timing_summary -max_paths 10 -report_unconstrained -file multiple5_top_timing_summary_routed.rpt -pb multiple5_top_timing_summary_routed.pb -rpx multiple5_top_timing_summary_routed.rpx -warn_on_violation
| Design       : multiple5_top
| Device       : 7a35t-fgg484
| Speed File   : -1  PRODUCTION 1.23 2018-06-13
| Design State : Routed
------------------------------------------------------------------------------------------------------------------------------------------------------------------------------------------------------------------------------------

Timing Summary Report

------------------------------------------------------------------------------------------------
| Timer Settings
| --------------
------------------------------------------------------------------------------------------------

  Enable Multi Corner Analysis               :  Yes
  Enable Pessimism Removal                   :  Yes
  Pessimism Removal Resolution               :  Nearest Common Node
  Enable Input Delay Default Clock           :  No
  Enable Preset / Clear Arcs                 :  No
  Disable Flight Delays                      :  No
  Ignore I/O Paths                           :  No
  Timing Early Launch at Borrowing Latches   :  No
  Borrow Time for Max Delay Exceptions       :  Yes
  Merge Timing Exceptions                    :  Yes
  Inter-SLR Compensation                     :  Conservative

  Corner  Analyze    Analyze    
  Name    Max Paths  Min Paths  
  ------  ---------  ---------  
  Slow    Yes        Yes        
  Fast    Yes        Yes        


------------------------------------------------------------------------------------------------
| Report Methodology
| ------------------
------------------------------------------------------------------------------------------------

No report available as report_methodology has not been run prior. Run report_methodology on the current design for the summary of methodology violations.



check_timing report

Table of Contents
-----------------
1. checking no_clock (0)
2. checking constant_clock (0)
3. checking pulse_width_clock (0)
4. checking unconstrained_internal_endpoints (0)
5. checking no_input_delay (0)
6. checking no_output_delay (0)
7. checking multiple_clock (0)
8. checking generated_clocks (0)
9. checking loops (0)
10. checking partial_input_delay (0)
11. checking partial_output_delay (0)
12. checking latch_loops (0)

1. checking no_clock (0)
------------------------
 There are 0 register/latch pins with no clock.


2. checking constant_clock (0)
------------------------------
 There are 0 register/latch pins with constant_clock.


3. checking pulse_width_clock (0)
---------------------------------
 There are 0 register/latch pins which need pulse_width check


4. checking unconstrained_internal_endpoints (0)
------------------------------------------------
 There are 0 pins that are not constrained for maximum delay.

 There are 0 pins that are not constrained for maximum delay due to constant clock.


5. checking no_input_delay (0)
------------------------------
 There are 0 input ports with no input delay specified.

 There are 0 input ports with no input delay but user has a false path constraint.


6. checking no_output_delay (0)
-------------------------------
 There are 0 ports with no output delay specified.

 There are 0 ports with no output delay but user has a false path constraint

 There are 0 ports with no output delay but with a timing clock defined on it or propagating through it


7. checking multiple_clock (0)
------------------------------
 There are 0 register/latch pins with multiple clocks.


8. checking generated_clocks (0)
--------------------------------
 There are 0 generated clocks that are not connected to a clock source.


9. checking loops (0)
---------------------
 There are 0 combinational loops in the design.


10. checking partial_input_delay (0)
------------------------------------
 There are 0 input ports with partial input delay specified.


11. checking partial_output_delay (0)
-------------------------------------
 There are 0 ports with partial output delay specified.


12. checking latch_loops (0)
----------------------------
 There are 0 combinational latch loops in the design through latch input



------------------------------------------------------------------------------------------------
| Design Timing Summary
| ---------------------
------------------------------------------------------------------------------------------------

    WNS(ns)      TNS(ns)  TNS Failing Endpoints  TNS Total Endpoints      WHS(ns)      THS(ns)  THS Failing Endpoints  THS Total Endpoints     WPWS(ns)     TPWS(ns)  TPWS Failing Endpoints  TPWS Total Endpoints  
    -------      -------  ---------------------  -------------------      -------      -------  ---------------------  -------------------     --------     --------  ----------------------  --------------------  
        inf        0.000                      0                    1          inf        0.000                      0                    1           NA           NA                      NA                    NA  


There are no user specified timing constraints.


------------------------------------------------------------------------------------------------
| Clock Summary
| -------------
------------------------------------------------------------------------------------------------


------------------------------------------------------------------------------------------------
| Intra Clock Table
| -----------------
------------------------------------------------------------------------------------------------

Clock             WNS(ns)      TNS(ns)  TNS Failing Endpoints  TNS Total Endpoints      WHS(ns)      THS(ns)  THS Failing Endpoints  THS Total Endpoints     WPWS(ns)     TPWS(ns)  TPWS Failing Endpoints  TPWS Total Endpoints  
-----             -------      -------  ---------------------  -------------------      -------      -------  ---------------------  -------------------     --------     --------  ----------------------  --------------------  


------------------------------------------------------------------------------------------------
| Inter Clock Table
| -----------------
------------------------------------------------------------------------------------------------

From Clock    To Clock          WNS(ns)      TNS(ns)  TNS Failing Endpoints  TNS Total Endpoints      WHS(ns)      THS(ns)  THS Failing Endpoints  THS Total Endpoints  
----------    --------          -------      -------  ---------------------  -------------------      -------      -------  ---------------------  -------------------  


------------------------------------------------------------------------------------------------
| Other Path Groups Table
| -----------------------
------------------------------------------------------------------------------------------------

Path Group    From Clock    To Clock          WNS(ns)      TNS(ns)  TNS Failing Endpoints  TNS Total Endpoints      WHS(ns)      THS(ns)  THS Failing Endpoints  THS Total Endpoints  
----------    ----------    --------          -------      -------  ---------------------  -------------------      -------      -------  ---------------------  -------------------  


------------------------------------------------------------------------------------------------
| User Ignored Path Table
| -----------------------
------------------------------------------------------------------------------------------------

Path Group    From Clock    To Clock    
----------    ----------    --------    


------------------------------------------------------------------------------------------------
| Unconstrained Path Table
| ------------------------
------------------------------------------------------------------------------------------------

Path Group    From Clock    To Clock    
----------    ----------    --------    
(none)                                    


------------------------------------------------------------------------------------------------
| Timing Details
| --------------
------------------------------------------------------------------------------------------------


--------------------------------------------------------------------------------------
Path Group:  (none)
From Clock:  
  To Clock:  

Max Delay             1 Endpoint
Min Delay             1 Endpoint
--------------------------------------------------------------------------------------


Max Delay Paths
--------------------------------------------------------------------------------------
Slack:                    inf
  Source:                 sw[0]
                            (input port)
  Destination:            led[0]
                            (output port)
  Path Group:             (none)
  Path Type:              Max at Slow Process Corner
  Data Path Delay:        23.224ns  (logic 11.374ns (48.976%)  route 11.850ns (51.024%))
  Logic Levels:           26  (CARRY4=13 IBUF=1 LUT1=2 LUT2=2 LUT3=1 LUT4=1 LUT5=1 LUT6=4 OBUF=1)

    Location             Delay type                Incr(ns)  Path(ns)    Netlist Resource(s)
  -------------------------------------------------------------------    -------------------
    B17                                               0.000     0.000 r  sw[0] (IN)
                         net (fo=0)                   0.000     0.000    sw[0]
    B17                  IBUF (Prop_ibuf_I_O)         1.496     1.496 r  sw_IBUF[0]_inst/O
                         net (fo=17, routed)          2.268     3.764    mul/sw_IBUF[0]
    SLICE_X5Y121         LUT6 (Prop_lut6_I5_O)        0.124     3.888 f  mul/ismultiple52_carry_i_18/O
                         net (fo=1, routed)           0.797     4.685    mul/ismultiple52_carry_i_18_n_0
    SLICE_X5Y122         LUT6 (Prop_lut6_I3_O)        0.124     4.809 r  mul/ismultiple52_carry_i_12/O
                         net (fo=1, routed)           0.418     5.227    mul/ismultiple52_carry_i_12_n_0
    SLICE_X6Y122         LUT6 (Prop_lut6_I5_O)        0.124     5.351 f  mul/ismultiple52_carry_i_1/O
                         net (fo=33, routed)          0.514     5.866    mul/ismultiple53[1]
    SLICE_X2Y122         LUT1 (Prop_lut1_I0_O)        0.124     5.990 r  mul/ismultiple52_carry_i_5/O
                         net (fo=6, routed)           0.786     6.776    mul/ismultiple52_carry_i_5_n_0
    SLICE_X4Y122         CARRY4 (Prop_carry4_S[1]_CO[3])
                                                      0.674     7.450 r  mul/ismultiple52_carry/CO[3]
                         net (fo=1, routed)           0.000     7.450    mul/ismultiple52_carry_n_0
    SLICE_X4Y123         CARRY4 (Prop_carry4_CI_CO[3])
                                                      0.114     7.564 r  mul/ismultiple52_carry__0/CO[3]
                         net (fo=1, routed)           0.000     7.564    mul/ismultiple52_carry__0_n_0
    SLICE_X4Y124         CARRY4 (Prop_carry4_CI_CO[0])
                                                      0.271     7.835 r  mul/ismultiple52__76_carry_i_5/CO[0]
                         net (fo=38, routed)          1.349     9.184    mul/ismultiple52__76_carry_i_5_n_3
    SLICE_X3Y121         LUT2 (Prop_lut2_I0_O)        0.373     9.557 r  mul/ismultiple52__76_carry_i_1/O
                         net (fo=1, routed)           0.000     9.557    mul/ismultiple52__76_carry_i_1_n_0
    SLICE_X3Y121         CARRY4 (Prop_carry4_S[3]_CO[3])
                                                      0.401     9.958 r  mul/ismultiple52__76_carry/CO[3]
                         net (fo=1, routed)           0.000     9.958    mul/ismultiple52__76_carry_n_0
    SLICE_X3Y122         CARRY4 (Prop_carry4_CI_CO[3])
                                                      0.114    10.072 r  mul/ismultiple52__76_carry__0/CO[3]
                         net (fo=1, routed)           0.000    10.072    mul/ismultiple52__76_carry__0_n_0
    SLICE_X3Y123         CARRY4 (Prop_carry4_CI_CO[3])
                                                      0.114    10.186 r  mul/ismultiple52__76_carry__1/CO[3]
                         net (fo=1, routed)           0.000    10.186    mul/ismultiple52__76_carry__1_n_0
    SLICE_X3Y124         CARRY4 (Prop_carry4_CI_CO[3])
                                                      0.114    10.300 r  mul/ismultiple52__76_carry__2/CO[3]
                         net (fo=1, routed)           0.009    10.309    mul/ismultiple52__76_carry__2_n_0
    SLICE_X3Y125         CARRY4 (Prop_carry4_CI_CO[3])
                                                      0.114    10.423 r  mul/ismultiple52__76_carry__3/CO[3]
                         net (fo=1, routed)           0.000    10.423    mul/ismultiple52__76_carry__3_n_0
    SLICE_X3Y126         CARRY4 (Prop_carry4_CI_O[1])
                                                      0.334    10.757 r  mul/ismultiple52__76_carry__4/O[1]
                         net (fo=3, routed)           0.797    11.554    mul/ismultiple52__76_carry__4_n_6
    SLICE_X5Y126         LUT3 (Prop_lut3_I2_O)        0.329    11.883 r  mul/ismultiple52__146_carry__2_i_9/O
                         net (fo=2, routed)           0.449    12.333    mul/ismultiple52__146_carry__2_i_9_n_0
    SLICE_X5Y126         LUT5 (Prop_lut5_I0_O)        0.326    12.659 r  mul/ismultiple52__146_carry__2_i_2/O
                         net (fo=2, routed)           0.762    13.421    mul/ismultiple52__146_carry__2_i_2_n_0
    SLICE_X2Y126         LUT6 (Prop_lut6_I0_O)        0.124    13.545 r  mul/ismultiple52__146_carry__2_i_6/O
                         net (fo=1, routed)           0.000    13.545    mul/ismultiple52__146_carry__2_i_6_n_0
    SLICE_X2Y126         CARRY4 (Prop_carry4_S[2]_CO[3])
                                                      0.380    13.925 r  mul/ismultiple52__146_carry__2/CO[3]
                         net (fo=1, routed)           0.000    13.925    mul/ismultiple52__146_carry__2_n_0
    SLICE_X2Y127         CARRY4 (Prop_carry4_CI_O[3])
                                                      0.315    14.240 r  mul/ismultiple52__146_carry__3/O[3]
                         net (fo=2, routed)           0.855    15.095    mul/ismultiple52__146_carry__3_n_4
    SLICE_X2Y129         LUT2 (Prop_lut2_I1_O)        0.307    15.402 r  mul/ismultiple52__194_carry_i_2/O
                         net (fo=1, routed)           0.000    15.402    mul/ismultiple52__194_carry_i_2_n_0
    SLICE_X2Y129         CARRY4 (Prop_carry4_S[1]_O[2])
                                                      0.578    15.980 f  mul/ismultiple52__194_carry/O[2]
                         net (fo=1, routed)           0.407    16.387    mul/ismultiple52__194_carry_n_5
    SLICE_X3Y129         LUT1 (Prop_lut1_I0_O)        0.301    16.688 r  mul/ismultiple52__200_carry_i_1/O
                         net (fo=1, routed)           0.000    16.688    mul/ismultiple52__200_carry_i_1_n_0
    SLICE_X3Y129         CARRY4 (Prop_carry4_S[3]_O[3])
                                                      0.248    16.936 f  mul/ismultiple52__200_carry/O[3]
                         net (fo=1, routed)           0.579    17.514    mul/ismultiple52__200_carry_n_4
    SLICE_X3Y130         LUT4 (Prop_lut4_I0_O)        0.306    17.820 r  mul/led_OBUF[0]_inst_i_1/O
                         net (fo=1, routed)           1.858    19.678    led_OBUF[0]
    B15                  OBUF (Prop_obuf_I_O)         3.545    23.224 r  led_OBUF[0]_inst/O
                         net (fo=0)                   0.000    23.224    led[0]
    B15                                                               r  led[0] (OUT)
  -------------------------------------------------------------------    -------------------





Min Delay Paths
--------------------------------------------------------------------------------------
Slack:                    inf
  Source:                 sw[7]
                            (input port)
  Destination:            led[0]
                            (output port)
  Path Group:             (none)
  Path Type:              Min at Fast Process Corner
  Data Path Delay:        3.335ns  (logic 1.837ns (55.074%)  route 1.498ns (44.926%))
  Logic Levels:           6  (CARRY4=1 IBUF=1 LUT4=1 LUT6=2 OBUF=1)

    Location             Delay type                Incr(ns)  Path(ns)    Netlist Resource(s)
  -------------------------------------------------------------------    -------------------
    D19                                               0.000     0.000 r  sw[7] (IN)
                         net (fo=0)                   0.000     0.000    sw[7]
    D19                  IBUF (Prop_ibuf_I_O)         0.264     0.264 r  sw_IBUF[7]_inst/O
                         net (fo=8, routed)           0.402     0.666    mul/sw_IBUF[7]
    SLICE_X5Y121         LUT6 (Prop_lut6_I0_O)        0.045     0.711 r  mul/ismultiple52_carry__0_i_8/O
                         net (fo=2, routed)           0.116     0.827    mul/ismultiple52_carry__0_i_8_n_0
    SLICE_X5Y122         LUT6 (Prop_lut6_I2_O)        0.045     0.872 r  mul/ismultiple52_carry__0_i_1/O
                         net (fo=37, routed)          0.376     1.248    mul/ismultiple53[2]
    SLICE_X3Y129         CARRY4 (Prop_carry4_DI[2]_O[3])
                                                      0.127     1.375 f  mul/ismultiple52__200_carry/O[3]
                         net (fo=1, routed)           0.195     1.570    mul/ismultiple52__200_carry_n_4
    SLICE_X3Y130         LUT4 (Prop_lut4_I0_O)        0.110     1.680 r  mul/led_OBUF[0]_inst_i_1/O
                         net (fo=1, routed)           0.409     2.089    led_OBUF[0]
    B15                  OBUF (Prop_obuf_I_O)         1.246     3.335 r  led_OBUF[0]_inst/O
                         net (fo=0)                   0.000     3.335    led[0]
    B15                                                               r  led[0] (OUT)
  -------------------------------------------------------------------    -------------------





