Copyright 1986-2022 Xilinx, Inc. All Rights Reserved. Copyright 2022-2023 Advanced Micro Devices, Inc. All Rights Reserved.
---------------------------------------------------------------------------------------------------------------------------------------------
| Tool Version : Vivado v.2023.2 (win64) Build 4029153 Fri Oct 13 20:14:34 MDT 2023
| Date         : Wed Oct  1 10:29:41 2025
| Host         : DESKTOP-ROOSFVQ running 64-bit major release  (build 9200)
| Command      : report_control_sets -verbose -file TrafficLight_top_control_sets_placed.rpt
| Design       : TrafficLight_top
| Device       : xc7a35t
---------------------------------------------------------------------------------------------------------------------------------------------

Control Set Information

Table of Contents
-----------------
1. Summary
2. Histogram
3. Flip-Flop Distribution
4. Detailed Control Set Information

1. Summary
----------

+----------------------------------------------------------+-------+
|                          Status                          | Count |
+----------------------------------------------------------+-------+
| Total control sets                                       |     9 |
|    Minimum number of control sets                        |     9 |
|    Addition due to synthesis replication                 |     0 |
|    Addition due to physical synthesis replication        |     0 |
| Unused register locations in slices containing registers |    10 |
+----------------------------------------------------------+-------+
* Control sets can be merged at opt_design using control_set_merge or merge_equivalent_drivers
** Run report_qor_suggestions for automated merging and remapping suggestions


2. Histogram
------------

+--------------------+-------+
|       Fanout       | Count |
+--------------------+-------+
| Total control sets |     9 |
| >= 0 to < 4        |     0 |
| >= 4 to < 6        |     2 |
| >= 6 to < 8        |     0 |
| >= 8 to < 10       |     3 |
| >= 10 to < 12      |     0 |
| >= 12 to < 14      |     0 |
| >= 14 to < 16      |     0 |
| >= 16              |     4 |
+--------------------+-------+
* Control sets can be remapped at either synth_design or opt_design


3. Flip-Flop Distribution
-------------------------

+--------------+-----------------------+------------------------+-----------------+--------------+
| Clock Enable | Synchronous Set/Reset | Asynchronous Set/Reset | Total Registers | Total Slices |
+--------------+-----------------------+------------------------+-----------------+--------------+
| No           | No                    | No                     |               4 |            2 |
| No           | No                    | Yes                    |               0 |            0 |
| No           | Yes                   | No                     |              21 |            6 |
| Yes          | No                    | No                     |               0 |            0 |
| Yes          | No                    | Yes                    |               0 |            0 |
| Yes          | Yes                   | No                     |             125 |           34 |
+--------------+-----------------------+------------------------+-----------------+--------------+


4. Detailed Control Set Information
-----------------------------------

+----------------+-----------------------------------------+-----------------------------------------+------------------+----------------+--------------+
|  Clock Signal  |              Enable Signal              |             Set/Reset Signal            | Slice Load Count | Bel Load Count | Bels / Slice |
+----------------+-----------------------------------------+-----------------------------------------+------------------+----------------+--------------+
|  clk_IBUF_BUFG |                                         |                                         |                2 |              4 |         2.00 |
|  clk_IBUF_BUFG | sd/light                                | rst_IBUF                                |                1 |              5 |         5.00 |
|  clk_IBUF_BUFG | tl/green_counter/counter[7]_i_2_n_0     | tl/green_counter/p_0_in                 |                4 |              8 |         2.00 |
|  clk_IBUF_BUFG | tl/yellow_counter/counter[7]_i_2__0_n_0 | tl/yellow_counter/counter[7]_i_1__0_n_0 |                2 |              8 |         4.00 |
|  clk_IBUF_BUFG | tl/red_counter/counter[7]_i_2__1_n_0    | tl/red_counter/counter[7]_i_1__1_n_0    |                3 |              8 |         2.67 |
|  clk_IBUF_BUFG |                                         | sd/TIME0                                |                6 |             21 |         3.50 |
|  clk_IBUF_BUFG | tl/led_OBUF[1]                          | rst_IBUF                                |                8 |             32 |         4.00 |
|  clk_IBUF_BUFG | tl/led_OBUF[2]                          | rst_IBUF                                |                8 |             32 |         4.00 |
|  clk_IBUF_BUFG | tl/led_OBUF[0]                          | rst_IBUF                                |                8 |             32 |         4.00 |
+----------------+-----------------------------------------+-----------------------------------------+------------------+----------------+--------------+


